clear;
SQL> clear screen;
SQL> select * from tab;

TNAME                          TABTYPE  CLUSTERID                               
------------------------------ ------- ----------                               
DEPT                           TABLE                                            
EMP                            TABLE                                            
SALGRADE                       TABLE                                            
EMP2                           TABLE                                            
COMPANY                        TABLE                                            
DEPARTMENT                     TABLE                                            
EMPLOYEE                       TABLE                                            
COMP                           TABLE                                            
STUDENT                        TABLE                                            
EMP1                           TABLE                                            
EMPLOYE                        TABLE                                            

TNAME                          TABTYPE  CLUSTERID                               
------------------------------ ------- ----------                               
STUD                           TABLE                                            

12 rows selected.

SQL> select * from emp;

     EMPNO ENAME      JOB              MGR HIREDATE         SAL       COMM      
---------- ---------- --------- ---------- --------- ---------- ----------      
    DEPTNO                                                                      
----------                                                                      
      7369 SMITH      CLERK           7902 17-DEC-80        800                 
        20                                                                      
                                                                                
      7499 ALLEN      SALESMAN        7698 20-FEB-81       1600        300      
        30                                                                      
                                                                                
      7521 WARD       SALESMAN        7698 22-FEB-81       1250        500      
        30                                                                      
                                                                                

     EMPNO ENAME      JOB              MGR HIREDATE         SAL       COMM      
---------- ---------- --------- ---------- --------- ---------- ----------      
    DEPTNO                                                                      
----------                                                                      
      7566 JONES      MANAGER         7839 02-APR-81       2975                 
        20                                                                      
                                                                                
      7654 MARTIN     SALESMAN        7698 28-SEP-81       1250       1400      
        30                                                                      
                                                                                
      7698 BLAKE      MANAGER         7839 01-MAY-81       2850                 
        30                                                                      
                                                                                

     EMPNO ENAME      JOB              MGR HIREDATE         SAL       COMM      
---------- ---------- --------- ---------- --------- ---------- ----------      
    DEPTNO                                                                      
----------                                                                      
      7782 CLARK      MANAGER         7839 09-JUN-81       2450                 
        10                                                                      
                                                                                
      7788 SCOTT      ANALYST         7566 19-APR-87       3000                 
        20                                                                      
                                                                                
      7839 KING       PRESIDENT            17-NOV-81       5000                 
        10                                                                      
                                                                                

     EMPNO ENAME      JOB              MGR HIREDATE         SAL       COMM      
---------- ---------- --------- ---------- --------- ---------- ----------      
    DEPTNO                                                                      
----------                                                                      
      7844 TURNER     SALESMAN        7698 08-SEP-81       1500          0      
        30                                                                      
                                                                                
      7876 ADAMS      CLERK           7788 23-MAY-87       1100                 
        20                                                                      
                                                                                
      7900 JAMES      CLERK           7698 03-DEC-81        950                 
        30                                                                      
                                                                                

     EMPNO ENAME      JOB              MGR HIREDATE         SAL       COMM      
---------- ---------- --------- ---------- --------- ---------- ----------      
    DEPTNO                                                                      
----------                                                                      
      7902 FORD       ANALYST         7566 03-DEC-81       3000                 
        20                                                                      
                                                                                
      7934 MILLER     CLERK           7782 23-JAN-82       1300                 
        10                                                                      
                                                                                

14 rows selected.

SQL> select * from emp2;

no rows selected

SQL> desc emp2;
 Name                                      Null?    Type
 ----------------------------------------- -------- ----------------------------
 EMP_ID                                             NUMBER(5)
 EMP_NAME                                           VARCHAR2(15)
 POST                                               VARCHAR2(10)
 MGR_ID                                             NUMBER(5)
 HIRE_DATE                                          DATE
 SALARY                                             NUMBER(5)
 COMMISSION                                         NUMBER(4)
 DEPT_ID                                            NUMBER(2)

SQL> insert into emp2 values(12345,'BansiPadia' , 'Clerk', ,'1990-11-19' ,15000, , 10);
insert into emp2 values(12345,'BansiPadia' , 'Clerk', ,'1990-11-19' ,15000, , 10)
                                                      *
ERROR at line 1:
ORA-00936: missing expression 


SQL> insert into emp2 values(12345,'BansiPadia' , 'Clerk',1 ,'1990-11-19' ,15000, 1, 10);
insert into emp2 values(12345,'BansiPadia' , 'Clerk',1 ,'1990-11-19' ,15000, 1, 10)
                                                        *
ERROR at line 1:
ORA-01861: literal does not match format string 


SQL> drop emp2;
drop emp2
     *
ERROR at line 1:
ORA-00950: invalid DROP option 


SQL> drop table emp2;

Table dropped.

SQL> create table emp2(Emp_id  number(5) , Emp_name varchar2(15), Post  varchar2(10) ,
  2  Mgr_id  number(5),  Hire_date date , Salary number(5) ,
  3  Commission number(4), Dept_id number(2));

Table created.

SQL> INSERT INTO stud (emp_no, emp_name, post, mgr_id, hiredate, salary, Dept_id)
  2  VALUES (1, 'BansiPadia', 'Clerk', 0,
  3          TO_DATE('18-11-1990', 'DD-MM-YYYY'),
  4          15000, 10);
INSERT INTO stud (emp_no, emp_name, post, mgr_id, hiredate, salary, Dept_id)
                                                                    *
ERROR at line 1:
ORA-00904: "DEPT_ID": invalid identifier 


SQL> insert into emp2 values(1,'bhautik','cleark', ,18-11-1990,15000, , 10;
insert into emp2 values(1,'bhautik','cleark', ,18-11-1990,15000, , 10
                                              *
ERROR at line 1:
ORA-00936: missing expression 


SQL> INSERT INTO emp2
  2  VALUES (1, 'bhautik', 'CLERK', NULL, '18-11-1990', 15000, NULL, 10);
VALUES (1, 'bhautik', 'CLERK', NULL, '18-11-1990', 15000, NULL, 10)
                                     *
ERROR at line 2:
ORA-01843: not a valid month 


SQL> INSERT INTO emp2
  2  VALUES (1, 'bhautik', 'CLERK', NULL, '11-18-1990', 15000, NULL, 10);
VALUES (1, 'bhautik', 'CLERK', NULL, '11-18-1990', 15000, NULL, 10)
                                     *
ERROR at line 2:
ORA-01843: not a valid month 


SQL> INSERT INTO emp2
  2  VALUES (
  3      1,
  4      'bhautik',
  5      'CLERK',
  6      NULL,
  7      TO_DATE('11-18-1990', 'MM-DD-YYYY'),
  8      15000,
  9      NULL,
 10      10
 11  );

1 row created.

SQL> 
SQL> 
SQL> SQL> INSERT INTO emp2
SP2-0734: unknown command beginning "SQL> INSER..." - rest of line ignored.
SQL>   2  VALUES (
SQL>   3      1,
SQL>   4      'kalpesh',
SQL>   5      'CLERK',
SQL>   6      NULL,
SQL>   7      TO_DATE('11-18-1990', 'MM-DD-YYYY'),
SQL>   8      15000,
SQL>   9      NULL,
SQL>  10      10);
SQL> 
SQL> 
SQL>  INSERT INTO emp2
  2     VALUES (
  3          1,
  4          'kalpesh',
  5          'CLERK',
  6          NULL,
  7          TO_DATE('11-18-1990', 'MM-DD-YYYY'),
  8          15000,
  9          NULL,
 10         10);

1 row created.

SQL>  INSERT INTO emp2
  2     VALUES (
  3          13254,
  4          'Radha Sharma',
  5          '  Salesman',
  6         12345,
  7          TO_DATE(' 25-11-1990 ', 'MM-DD-YYYY'),
  8        12000 ,
  9        4000,
 10         20);
        TO_DATE(' 25-11-1990 ', 'MM-DD-YYYY'),
                *
ERROR at line 7:
ORA-01843: not a valid month 


SQL>  INSERT INTO emp2
  2     VALUES (
  3          13254,
  4          'Radha Sharma',
  5          '  Salesman',
  6         12345,
  7          TO_DATE(' 11-11-1990 ', 'MM-DD-YYYY'),
  8        12000 ,
  9        4000,
 10         20);

1 row created.

SQL>  INSERT INTO emp2
  2     VALUES (
  3          12675 ,
  4          'TanmayDomadiya ',
  5          '  President ',
  6         12345,
  7          TO_DATE(' 05-07-1985  ', 'MM-DD-YYYY'),
  8  124000  ,
  9        4000,
 10          10);
        '  President ',
        *
ERROR at line 5:
ORA-12899: value too large for column "SCOTT"."EMP2"."POST" (actual: 12, 
maximum: 10) 


SQL>  INSERT INTO emp2
  2     VALUES (
  3          12675 ,
  4          'TanmayDomadiya ',
  5          'President ',
  6         12345,
  7          TO_DATE(' 05-07-1985  ', 'MM-DD-YYYY'),
  8         124000  ,
  9          4000,
 10          10);
       124000  ,
       *
ERROR at line 8:
ORA-01438: value larger than specified precision allowed for this column 


SQL> desc emp2;
 Name                                      Null?    Type
 ----------------------------------------- -------- ----------------------------
 EMP_ID                                             NUMBER(5)
 EMP_NAME                                           VARCHAR2(15)
 POST                                               VARCHAR2(10)
 MGR_ID                                             NUMBER(5)
 HIRE_DATE                                          DATE
 SALARY                                             NUMBER(5)
 COMMISSION                                         NUMBER(4)
 DEPT_ID                                            NUMBER(2)

SQL> INSERT INTO emp2
  2     VALUES (
  3          13457  ,
  4          ' Suraj Prakash ',
  5          'Salesman  ',
  6         12345,
  7          TO_DATE(' 12-08-1992   ', 'MM-DD-YYYY'),
  8        14650  ,
  9      1700 ,
 10           30);

1 row created.

SQL>  INSERT INTO emp2
  2     VALUES (
  3          14567 ,
  4          ' Seema Lava ',
  5          ' ProgramR   ',
  6        13654 ,
  7          TO_DATE(' 10-07-1994   ', 'MM-DD-YYYY'),
  8        35000   ,
  9      1700 ,
 10         10);
        ' ProgramR   ',
        *
ERROR at line 5:
ORA-12899: value too large for column "SCOTT"."EMP2"."POST" (actual: 12, 
maximum: 10) 


SQL>  INSERT INTO emp2
  2     VALUES (
  3          14567,
  4          'Seema Lava',
  5          'ProgramR',
  6        13654 ,
  7         TO_DATE(' 10-07-1994', 'MM-DD-YYYY'),
  8        35000 ,
  9        1700,
 10        10);

1 row created.

SQL> SELECT * from emp e.empno,
  2         e.ename,
  3         e.job,
  4         e.deptno,
  5         d.deptno,
  6         d.depart_name
  7  FROM emp1 e
  8  LEFT OUTER JOIN department d
  9  ON e.deptno = d.deptno;
SELECT * from emp e.empno,
                   *
ERROR at line 1:
ORA-00933: SQL command not properly ended 


SQL>  INSERT INTO emp2
  2     VALUES (
  3          16754,
  4          'Krupa Vala',
  5          'Programmer',
  6      13654 ,
  7         TO_DATE('10-08-1992', 'MM-DD-YYYY'),
  8         30000 ,
  9        1700,
 10          10);

1 row created.

SQL> INSERT INTO emp2
  2     VALUES (
  3          14562,
  4          'Kalpana Joshi',
  5          ' Clerk ',
  6      13654 ,
  7         TO_DATE('10-09-1990', 'MM-DD-YYYY'),
  8        17000 ,
  9        1700,
 10          40);

1 row created.

SQL>  INSERT INTO emp2
  2     VALUES (
  3          12435,
  4          ' KevalRaval',
  5          ' Salesman',
  6           12345 ,
  7         TO_DATE('10-10-1990 ', 'MM-DD-YYYY'),
  8       18000,
  9        6500,
 10           20);

1 row created.

SQL> 
